[2025-05-22 20:28:09] Usuário: admin
Ação: Login realizado
Detalhes: Usuário: admin
--------------------------------------------------
[2025-05-22 20:29:54] Usuário: admin
Ação: Login realizado
Detalhes: Usuário: admin
--------------------------------------------------
[2025-05-22 20:30:12] Usuário: admin
Ação: Logout
Detalhes: Usuário: admin
--------------------------------------------------
[2025-05-22 20:30:19] Usuário: davi
Ação: Login realizado
Detalhes: Usuário: davi
--------------------------------------------------
[2025-05-22 20:32:07] Usuário: admin
Ação: Login realizado
Detalhes: Usuário: admin
--------------------------------------------------
[2025-05-22 20:34:22] Usuário: admin
Ação: Login realizado
Detalhes: Usuário: admin
--------------------------------------------------
[2025-05-22 21:09:55] Usuário: davi
Ação: Login realizado
Detalhes: Usuário: davi
--------------------------------------------------
[2025-05-22 21:14:00] Usuário: davi
Ação: Login realizado
Detalhes: Usuário: davi
--------------------------------------------------
[2025-05-22 21:14:39] Usuário: davi
Ação: Logout
Detalhes: Usuário: davi
--------------------------------------------------
[2025-05-22 21:14:46] Usuário: admin
Ação: Login realizado
Detalhes: Usuário: admin
--------------------------------------------------
[2025-05-22 21:22:37] Usuário: davi
Ação: Login realizado
Detalhes: Usuário: davi
--------------------------------------------------
[2025-05-22 21:28:02] Usuário: davi
Ação: Login realizado
Detalhes: Usuário: davi
--------------------------------------------------
[2025-05-22 21:28:44] Usuário: davi
Ação: Logout
Detalhes: Usuário: davi
--------------------------------------------------
[2025-05-22 21:28:52] Usuário: admin
Ação: Login realizado
Detalhes: Usuário: admin
--------------------------------------------------
[2025-05-22 21:30:46] Usuário: admin
Ação: Login realizado
Detalhes: Usuário: admin
--------------------------------------------------
[2025-05-22 21:45:18] Usuário: SISTEMA
Ação: Cadastro de ALUNO
Detalhes: Usuário: teste
--------------------------------------------------
[2025-05-22 21:45:25] Usuário: teste
Ação: Login realizado
Detalhes: Usuário: teste
--------------------------------------------------
[2025-05-22 21:49:46] Usuário: admin
Ação: Login realizado
Detalhes: Usuário: admin
--------------------------------------------------
[2025-05-22 21:55:43] Usuário: davi
Ação: Login realizado
Detalhes: Usuário: davi
--------------------------------------------------
[2025-05-22 22:00:04] Usuário: davi
Ação: Login realizado
Detalhes: Usuário: davi
--------------------------------------------------
[2025-05-22 22:01:23] Usuário: admin
Ação: Login realizado
Detalhes: Usuário: admin
--------------------------------------------------
[2025-05-22 22:02:21] Usuário: admin
Ação: Usuário deletado por ADM
Detalhes: Usuário: teste | Por: admin
--------------------------------------------------
[2025-05-22 23:45:48] Usuário: admin
Ação: Login realizado
Detalhes: Usuário: admin
--------------------------------------------------
[2025-05-22 23:54:40] Usuário: SISTEMA
Ação: Cadastro de ALUNO
Detalhes: Usuário: teste
--------------------------------------------------
[2025-05-22 23:55:31] Usuário: teste
Ação: Login realizado
Detalhes: Usuário: teste
--------------------------------------------------
[2025-05-22 23:56:23] Usuário: teste
Ação: Logout
Detalhes: Usuário: teste
--------------------------------------------------
[2025-05-22 23:56:40] Usuário: admin
Ação: Login realizado
Detalhes: Usuário: admin
--------------------------------------------------
[2025-05-23 00:00:11] Usuário: admin
Ação: Usuário deletado por ADM
Detalhes: Usuário: teste | Por: admin
--------------------------------------------------
[2025-05-23 15:12:07] Usuário: admin
Ação: Login realizado
Detalhes: Usuário: admin
--------------------------------------------------
[2025-05-23 15:50:27] Usuário: admin
Ação: Login realizado
Detalhes: Usuário: admin
--------------------------------------------------
[2025-05-23 15:50:58] Usuário: admin
Ação: Logout
Detalhes: Usuário: admin
--------------------------------------------------
[2025-05-23 15:51:03] Usuário: davi
Ação: Login realizado
Detalhes: Usuário: davi
--------------------------------------------------
[2025-05-23 16:18:18] Usuário: admin
Ação: Login realizado
Detalhes: Usuário: admin
--------------------------------------------------
[2025-05-23 16:23:27] Usuário: admin
Ação: Login realizado
Detalhes: Usuário: admin
--------------------------------------------------
[2025-05-23 16:26:59] Usuário: admin
Ação: Logout
Detalhes: Usuário: admin
--------------------------------------------------
[2025-05-23 16:28:29] Usuário: davi
Ação: Login realizado
Detalhes: Usuário: davi
--------------------------------------------------
[2025-05-23 16:29:18] Usuário: davi
Ação: Logout
Detalhes: Usuário: davi
--------------------------------------------------
[2025-05-23 16:29:38] Usuário: admin
Ação: Login realizado
Detalhes: Usuário: admin
--------------------------------------------------
[2025-05-23 16:32:37] Usuário: admin
Ação: Login realizado
Detalhes: Usuário: admin
--------------------------------------------------
[2025-05-23 16:34:02] Usuário: admin
Ação: Login realizado
Detalhes: Usuário: admin
--------------------------------------------------
[2025-05-23 22:39:16] Usuário: admin
Ação: Login realizado
Detalhes: Usuário: admin
--------------------------------------------------
[2025-05-23 22:41:58] Usuário: admin
Ação: Login realizado
Detalhes: Usuário: admin
--------------------------------------------------
[2025-05-23 22:42:10] Usuário: admin
Ação: Curso criado
Detalhes: ID: 3 | Nome: teste
--------------------------------------------------
[2025-05-23 22:45:18] Usuário: admin
Ação: Login realizado
Detalhes: Usuário: admin
--------------------------------------------------
[2025-05-23 22:45:28] Usuário: admin
Ação: Curso deletado
Detalhes: ID: 3 | Nome: teste
--------------------------------------------------
[2025-05-23 22:50:04] Usuário: admin
Ação: Logout
Detalhes: Usuário: admin
--------------------------------------------------
[2025-05-23 22:50:15] Usuário: admin
Ação: Login realizado
Detalhes: Usuário: admin
--------------------------------------------------
[2025-05-23 22:50:29] Usuário: admin
Ação: Módulo adicionado
Detalhes: Curso: Introdução à Programação | Módulo: Teste
--------------------------------------------------
[2025-05-23 22:51:44] Usuário: admin
Ação: Logout
Detalhes: Usuário: admin
--------------------------------------------------
[2025-05-23 22:54:10] Usuário: davi
Ação: Login realizado
Detalhes: Usuário: davi
--------------------------------------------------
[2025-05-23 22:59:46] Usuário: davi
Ação: Logout
Detalhes: Usuário: davi
--------------------------------------------------
[2025-05-23 23:00:02] Usuário: admin
Ação: Login realizado
Detalhes: Usuário: admin
--------------------------------------------------
[2025-05-23 23:00:59] Usuário: admin
Ação: Logout
Detalhes: Usuário: admin
--------------------------------------------------
[2025-05-23 23:01:04] Usuário: davi
Ação: Login realizado
Detalhes: Usuário: davi
--------------------------------------------------
[2025-05-23 23:14:16] Usuário: davi
Ação: Logout
Detalhes: Usuário: davi
--------------------------------------------------
[2025-05-23 23:16:06] Usuário: davi
Ação: Login realizado
Detalhes: Usuário: davi
--------------------------------------------------
[2025-05-23 23:17:27] Usuário: davi
Ação: Logout
Detalhes: Usuário: davi
--------------------------------------------------
[2025-05-23 23:18:17] Usuário: admin
Ação: Login realizado
Detalhes: Usuário: admin
--------------------------------------------------
[2025-05-23 23:18:37] Usuário: admin
Ação: Módulo adicionado
Detalhes: Curso: Introdução à Programação | Módulo: teste
--------------------------------------------------
[2025-05-23 23:19:33] Usuário: admin
Ação: Logout
Detalhes: Usuário: admin
--------------------------------------------------
[2025-05-23 23:19:40] Usuário: davi
Ação: Login realizado
Detalhes: Usuário: davi
--------------------------------------------------
[2025-05-23 23:22:12] Usuário: davi
Ação: Logout
Detalhes: Usuário: davi
--------------------------------------------------
[2025-05-23 23:22:20] Usuário: admin
Ação: Login realizado
Detalhes: Usuário: admin
--------------------------------------------------
[2025-08-29 20:30:14] Usuário: admin
Ação: Login realizado
Detalhes: Usuário: admin
--------------------------------------------------
[2025-11-01 19:18:22] Usuário: admin
Ação: Login realizado
Detalhes: Usuário: admin
--------------------------------------------------
[2025-11-01 19:18:50] Usuário: admin
Ação: Logout
Detalhes: Usuário: admin
--------------------------------------------------
[2025-11-01 19:19:04] Usuário: davi
Ação: Login realizado
Detalhes: Usuário: davi
--------------------------------------------------
[2025-11-01 19:19:22] Usuário: davi
Ação: Logout
Detalhes: Usuário: davi
--------------------------------------------------
